I'm sorry, but errors were detected in your script. Please correct the
errors listed below, and try again.


File "game/script.rpy", line 53: expected 'simple_expression' not found.
    yalign:1.0
          ^

Ren'Py Version: Ren'Py 7.3.5.606
Wed Nov 11 08:55:27 2020
